<html>
<body>
<pre>
<h1>µVision Build Log</h1>
<h2>Tool Versions:</h2>
IDE-Version: µVision V5.18a
Copyright (C) 2016 ARM Ltd and ARM Germany GmbH. All rights reserved.
License Information: Dmitriy Marchenko, CGuard LLC, LIC=----
 
Tool Versions:
Toolchain:       MDK-Lite  Version: 5.18a
Toolchain Path:  E:\Software\Keil\ARM\ARMCC\Bin
C Compiler:      Armcc.exe V5.06 update 1 (build 61)
Assembler:       Armasm.exe V5.06 update 1 (build 61)
Linker/Locator:  ArmLink.exe V5.06 update 1 (build 61)
Library Manager: ArmAr.exe V5.06 update 1 (build 61)
Hex Converter:   FromElf.exe V5.06 update 1 (build 61)
CPU DLL:         SARMCM3.DLL V5.18a
Dialog DLL:      DARMCM1.DLL V1.12.0.0
Target DLL:      Segger\JL2CM3.dll V2.99.19.0
Dialog DLL:      TARMCM1.DLL V1.9.0.0
 
<h2>Project:</h2>
E:\Documents\Github\Nordic\nRF_twi_write\nRF_twi_write.uvprojx
Project File Date:  05/25/2016

<h2>Output:</h2>
*** Using Compiler 'V5.06 update 1 (build 61)', folder: 'E:\Software\Keil\ARM\ARMCC\Bin'
Build target 'nRF51822'
compiling main.c...
linking...
Program Size: Code=1956 RO-data=224 RW-data=4 ZI-data=4196  
FromELF: creating hex file...
".\Objects\work.axf" - 0 Error(s), 0 Warning(s).

<h2>Software Packages used:</h2>

Package Vendor: ARM
                http://www.keil.com/pack/ARM.CMSIS.5.0.0-Beta4.pack
                ARM::CMSIS:CORE:5.0.0
                CMSIS (Cortex Microcontroller Software Interface Standard)
   * Component: CORE Version: 5.0.0

Package Vendor: NordicSemiconductor
                http://developer.nordicsemi.com/nRF5_SDK/pieces/nRF_DeviceFamilyPack/NordicSemiconductor.nRF_DeviceFamilyPack.8.6.0.pack
                NordicSemiconductor::Device:Startup:8.6.0
                Nordic Semiconductor nRF ARM devices Device Family Pack.
   * Component: Startup Version: 8.6.0

Package Vendor: NordicSemiconductor
                http://developer.nordicsemi.com/nRF51_SDK/pieces/nRF_Drivers/NordicSemiconductor.nRF_Drivers.4.0.0-2.alpha.pack
                NordicSemiconductor::nRF_Drivers:twi_master:Hardware:4.0.0-2.alpha
                Drivers for Nordic Semiconductor nRF family.
   * Component: twi_master Variant: Hardware Version: 4.0.0-2.alpha
   * Component: nrf_delay Version: 4.0.0-2.alpha
   * Component: nrf_gpio Version: 4.0.0-2.alpha

Package Vendor: NordicSemiconductor
                http://developer.nordicsemi.com/nRF51_SDK/pieces/nRF_Examples/NordicSemiconductor.nRF_Examples.11.0.0-2.alpha.pack
                NordicSemiconductor::Board Support:bsp:Defines:11.0.0-2.alpha
                Examples and BSP for Nordic Semiconductor nRF family.
   * Component: bsp Variant: Defines Version: 11.0.0-2.alpha

<h2>Collection of Component include folders:</h2>
  E:\Documents\Github\Nordic\nRF_twi_write\RTE
  E:\Documents\Github\Nordic\nRF_twi_write\RTE\nRF_Drivers\nRF51822_xxAC
  E:\Software\Keil\ARM\PACK\ARM\CMSIS\5.0.0-Beta4\CMSIS\Include
  E:\Software\Keil\ARM\PACK\NordicSemiconductor\nRF_DeviceFamilyPack\8.6.0\Device\Include
  E:\Software\Keil\ARM\PACK\NordicSemiconductor\nRF_Drivers\4.0.0-2.alpha\delay
  E:\Software\Keil\ARM\PACK\NordicSemiconductor\nRF_Drivers\4.0.0-2.alpha\hal
  E:\Software\Keil\ARM\PACK\NordicSemiconductor\nRF_Drivers\4.0.0-2.alpha\twi_master\deprecated
  E:\Software\Keil\ARM\PACK\NordicSemiconductor\nRF_Drivers\4.0.0-2.alpha\twi_master\deprecated\config
  E:\Software\Keil\ARM\PACK\NordicSemiconductor\nRF_Examples\11.0.0-2.alpha\bsp

<h2>Collection of Component Files used:</h2>

   * Component: ARM::CMSIS:CORE:5.0.0

   * Component: NordicSemiconductor::Device:Startup:8.6.0
      Source file:   Device\Source\system_nrf51.c
      Include file:  Device\Include\system_nrf51.h
      Source file:   Device\Source\arm\arm_startup_nrf51.s

   * Component: NordicSemiconductor::nRF_Drivers:twi_master:Hardware:4.0.0-2.alpha
      Source file:   twi_master\deprecated\twi_hw_master.c
      Include file:  twi_master\deprecated\twi_master.h
      Include file:  twi_master\deprecated\config\twi_master_config.h

   * Component: NordicSemiconductor::nRF_Drivers:nrf_delay:4.0.0-2.alpha
      Include file:  delay\nrf_delay.h
      Source file:   delay\nrf_delay.c

   * Component: NordicSemiconductor::nRF_Drivers:nrf_gpio:4.0.0-2.alpha
      Include file:  hal\nrf_gpio.h

   * Component: NordicSemiconductor::Board Support:bsp:Defines:11.0.0-2.alpha
Build Time Elapsed:  00:00:01
</pre>
</body>
</html>
