<html>
<body>
<pre>
<h1>µVision Build Log</h1>
<h2>Tool Versions:</h2>
IDE-Version: µVision V5.18a
Copyright (C) 2016 ARM Ltd and ARM Germany GmbH. All rights reserved.
License Information: Dmitriy Marchenko, CGuard LLC, LIC=----
 
Tool Versions:
Toolchain:       MDK-Lite  Version: 5.18a
Toolchain Path:  E:\Software\Keil\ARM\ARMCC\Bin
C Compiler:      Armcc.exe V5.06 update 1 (build 61)
Assembler:       Armasm.exe V5.06 update 1 (build 61)
Linker/Locator:  ArmLink.exe V5.06 update 1 (build 61)
Library Manager: ArmAr.exe V5.06 update 1 (build 61)
Hex Converter:   FromElf.exe V5.06 update 1 (build 61)
CPU DLL:         SARMCM3.DLL V5.18a
Dialog DLL:      DARMCM1.DLL V1.12.0.0
Target DLL:      Segger\JL2CM3.dll V2.99.19.0
Dialog DLL:      TARMCM1.DLL V1.9.0.0
 
<h2>Project:</h2>
E:\Documents\Keil\nRF_interrupt\nRF_interrupt.uvprojx
Project File Date:  05/20/2016

<h2>Output:</h2>
*** Using Compiler 'V5.06 update 1 (build 61)', folder: 'E:\Software\Keil\ARM\ARMCC\Bin'
Rebuild target 'nRF51'
compiling main.c...
assembling arm_startup_nrf51.s...
compiling system_nrf51.c...
linking...
Program Size: Code=928 RO-data=224 RW-data=8 ZI-data=4192  
FromELF: creating hex file...
".\Objects\example_01.axf" - 0 Error(s), 0 Warning(s).

<h2>Software Packages used:</h2>

Package Vendor: ARM
                http://www.keil.com/pack/ARM.CMSIS.5.0.0-Beta4.pack
                ARM::CMSIS:CORE:5.0.0
                CMSIS (Cortex Microcontroller Software Interface Standard)
   * Component: CORE Version: 5.0.0

Package Vendor: NordicSemiconductor
                http://developer.nordicsemi.com/nRF5_SDK/pieces/nRF_DeviceFamilyPack/NordicSemiconductor.nRF_DeviceFamilyPack.8.6.0.pack
                NordicSemiconductor::Device:Startup:8.6.0
                Nordic Semiconductor nRF ARM devices Device Family Pack.
   * Component: Startup Version: 8.6.0

Package Vendor: NordicSemiconductor
                http://developer.nordicsemi.com/nRF51_SDK/pieces/nRF_Drivers/NordicSemiconductor.nRF_Drivers.4.0.0-2.alpha.pack
                NordicSemiconductor::nRF_Drivers:nrf_gpio:4.0.0-2.alpha
                Drivers for Nordic Semiconductor nRF family.
   * Component: nrf_gpio Version: 4.0.0-2.alpha

Package Vendor: NordicSemiconductor
                http://developer.nordicsemi.com/nRF51_SDK/pieces/nRF_Examples/NordicSemiconductor.nRF_Examples.11.0.0-2.alpha.pack
                NordicSemiconductor::Board Support:bsp:Defines:11.0.0-2.alpha
                Examples and BSP for Nordic Semiconductor nRF family.
   * Component: bsp Variant: Defines Version: 11.0.0-2.alpha

<h2>Collection of Component include folders:</h2>
  E:\Documents\Keil\nRF_interrupt\RTE
  E:\Software\Keil\ARM\PACK\ARM\CMSIS\5.0.0-Beta4\CMSIS\Include
  E:\Software\Keil\ARM\PACK\NordicSemiconductor\nRF_DeviceFamilyPack\8.6.0\Device\Include
  E:\Software\Keil\ARM\PACK\NordicSemiconductor\nRF_Drivers\4.0.0-2.alpha\hal
  E:\Software\Keil\ARM\PACK\NordicSemiconductor\nRF_Examples\11.0.0-2.alpha\bsp

<h2>Collection of Component Files used:</h2>

   * Component: ARM::CMSIS:CORE:5.0.0

   * Component: NordicSemiconductor::Device:Startup:8.6.0
      Source file:   Device\Source\system_nrf51.c
      Source file:   Device\Source\arm\arm_startup_nrf51.s
      Include file:  Device\Include\system_nrf51.h

   * Component: NordicSemiconductor::nRF_Drivers:nrf_gpio:4.0.0-2.alpha
      Include file:  hal\nrf_gpio.h

   * Component: NordicSemiconductor::Board Support:bsp:Defines:11.0.0-2.alpha
Build Time Elapsed:  00:00:02
</pre>
</body>
</html>
